<!DOCTYPE html PUBLIC "-//W3C//DTD XHTML 1.0 Transitional//EN"

	"http://www.w3.org/TR/xhtml1/DTD/xhtml1-transitional.dtd">

<html>

<head>

	<title>Virtual Remote Control: Test Site: Basic Authentication continued</title>

	<meta name="id" content="1.5" />

	<link rel="StyleSheet" href="/control/control.css" type="text/css" />

</head>



<body>

<!-- begin header include, id="1.84" -->



<div id="container">

	<div id="banner">

		<h1>

		  <img src="http://irisresearch.library.cornell.edu/VRC/images/VRCheader.gif" alt="Virtual Remote Control: Cornell University Libraries IRIS Research Department" border="0" />

		</h1>

	</div>

<div id="nav">



</div>

<div id="content">

<h2><span class="testsuite">Virtual Remote Control:<br />Test Site</span></h2>





<a href="/control/index.html" target="_top">Home</a> |





<a href="/control/contents.html" target="_top">Table of Contents</a> |



<a href="/control/xmlDocumentation/documentation.html" target="_top">Documentation</a>

<br /><br />

<img src="/control/img/line.jpg" alt="" />

<table width="667" border="0" cellpadding="0" cellspacing="0" summary="layout">

<tr>	

<td>

<!-- end header include -->

<h4>Basic Authentication continued</h4>



<p>Basic Authentication test passed successfully, if login window accepted the entered username and password.</p>



<p>Go to <a href="authTestPage2.html">another page within the authTest directory</a>.</p>



<!-- begin footer include, id="1.85" -->

</td>

</tr>

</table>

<img src="/control/img/line.jpg" alt="" />

<br />

<span class="xsmall" style="line-height: 20px;">

	&copy; <a href="http://www.library.cornell.edu/iris/research/" target="_top">IRIS Research Department</a>, Cornell University Library, 2003<br />

	Send questions/comments/suggestions to <a href="mailto:vrc-testsite@cornell.edu">vrc-testsite@cornell.edu</a><br /><br />

</span>



</div>



  <div id="footer">

  <img src="http://irisresearch.library.cornell.edu/VRC/images/footer.jpg" alt="..." width="439" height="50" border="0" align="left" /> 

  </div>

  

</div> 

<!-- end footer include -->

</body>

</html>
