<html>

<head><meta http-equiv="Refresh" content="0;URL=/cgi-bin/openwebma

il/openwebmail.pl">

</head>

<body>

<a href="https://webmail.cs.sunysb.edu/cgi-bin/openwebmail/openwebmail.pl"> </a>

</body>

</html>

